Archive member included to satisfy reference by file (symbol)

c:/st/stm32cubeide_1.12.0/stm32cubeide/plugins/com.st.stm32cube.ide.mcu.externaltools.gnu-tools-for-stm32.10.3-2021.10.win32_1.0.200.202301161003/tools/bin/../lib/gcc/arm-none-eabi/10.3.1/../../../../arm-none-eabi/lib/thumb/v7-m/nofp\libc_nano.a(lib_a-errno.o)
                              ./Src/syscalls.o (__errno)
c:/st/stm32cubeide_1.12.0/stm32cubeide/plugins/com.st.stm32cube.ide.mcu.externaltools.gnu-tools-for-stm32.10.3-2021.10.win32_1.0.200.202301161003/tools/bin/../lib/gcc/arm-none-eabi/10.3.1/../../../../arm-none-eabi/lib/thumb/v7-m/nofp\libc_nano.a(lib_a-exit.o)
                              c:/st/stm32cubeide_1.12.0/stm32cubeide/plugins/com.st.stm32cube.ide.mcu.externaltools.gnu-tools-for-stm32.10.3-2021.10.win32_1.0.200.202301161003/tools/bin/../lib/gcc/arm-none-eabi/10.3.1/../../../../arm-none-eabi/lib/thumb/v7-m/nofp/crt0.o (exit)
c:/st/stm32cubeide_1.12.0/stm32cubeide/plugins/com.st.stm32cube.ide.mcu.externaltools.gnu-tools-for-stm32.10.3-2021.10.win32_1.0.200.202301161003/tools/bin/../lib/gcc/arm-none-eabi/10.3.1/../../../../arm-none-eabi/lib/thumb/v7-m/nofp\libc_nano.a(lib_a-impure.o)
                              c:/st/stm32cubeide_1.12.0/stm32cubeide/plugins/com.st.stm32cube.ide.mcu.externaltools.gnu-tools-for-stm32.10.3-2021.10.win32_1.0.200.202301161003/tools/bin/../lib/gcc/arm-none-eabi/10.3.1/../../../../arm-none-eabi/lib/thumb/v7-m/nofp\libc_nano.a(lib_a-exit.o) (_global_impure_ptr)
c:/st/stm32cubeide_1.12.0/stm32cubeide/plugins/com.st.stm32cube.ide.mcu.externaltools.gnu-tools-for-stm32.10.3-2021.10.win32_1.0.200.202301161003/tools/bin/../lib/gcc/arm-none-eabi/10.3.1/../../../../arm-none-eabi/lib/thumb/v7-m/nofp\libc_nano.a(lib_a-init.o)
                              c:/st/stm32cubeide_1.12.0/stm32cubeide/plugins/com.st.stm32cube.ide.mcu.externaltools.gnu-tools-for-stm32.10.3-2021.10.win32_1.0.200.202301161003/tools/bin/../lib/gcc/arm-none-eabi/10.3.1/../../../../arm-none-eabi/lib/thumb/v7-m/nofp/crt0.o (__libc_init_array)
c:/st/stm32cubeide_1.12.0/stm32cubeide/plugins/com.st.stm32cube.ide.mcu.externaltools.gnu-tools-for-stm32.10.3-2021.10.win32_1.0.200.202301161003/tools/bin/../lib/gcc/arm-none-eabi/10.3.1/../../../../arm-none-eabi/lib/thumb/v7-m/nofp\libc_nano.a(lib_a-memset.o)
                              c:/st/stm32cubeide_1.12.0/stm32cubeide/plugins/com.st.stm32cube.ide.mcu.externaltools.gnu-tools-for-stm32.10.3-2021.10.win32_1.0.200.202301161003/tools/bin/../lib/gcc/arm-none-eabi/10.3.1/../../../../arm-none-eabi/lib/thumb/v7-m/nofp/crt0.o (memset)
c:/st/stm32cubeide_1.12.0/stm32cubeide/plugins/com.st.stm32cube.ide.mcu.externaltools.gnu-tools-for-stm32.10.3-2021.10.win32_1.0.200.202301161003/tools/bin/../lib/gcc/arm-none-eabi/10.3.1/../../../../arm-none-eabi/lib/thumb/v7-m/nofp\libc_nano.a(lib_a-sprintf.o)
                              ./HAL/LCD_DRIVER/lcd.o (sprintf)
c:/st/stm32cubeide_1.12.0/stm32cubeide/plugins/com.st.stm32cube.ide.mcu.externaltools.gnu-tools-for-stm32.10.3-2021.10.win32_1.0.200.202301161003/tools/bin/../lib/gcc/arm-none-eabi/10.3.1/../../../../arm-none-eabi/lib/thumb/v7-m/nofp\libc_nano.a(lib_a-nano-svfprintf.o)
                              c:/st/stm32cubeide_1.12.0/stm32cubeide/plugins/com.st.stm32cube.ide.mcu.externaltools.gnu-tools-for-stm32.10.3-2021.10.win32_1.0.200.202301161003/tools/bin/../lib/gcc/arm-none-eabi/10.3.1/../../../../arm-none-eabi/lib/thumb/v7-m/nofp\libc_nano.a(lib_a-sprintf.o) (_svfprintf_r)
c:/st/stm32cubeide_1.12.0/stm32cubeide/plugins/com.st.stm32cube.ide.mcu.externaltools.gnu-tools-for-stm32.10.3-2021.10.win32_1.0.200.202301161003/tools/bin/../lib/gcc/arm-none-eabi/10.3.1/../../../../arm-none-eabi/lib/thumb/v7-m/nofp\libc_nano.a(lib_a-nano-vfprintf_i.o)
                              c:/st/stm32cubeide_1.12.0/stm32cubeide/plugins/com.st.stm32cube.ide.mcu.externaltools.gnu-tools-for-stm32.10.3-2021.10.win32_1.0.200.202301161003/tools/bin/../lib/gcc/arm-none-eabi/10.3.1/../../../../arm-none-eabi/lib/thumb/v7-m/nofp\libc_nano.a(lib_a-nano-svfprintf.o) (_printf_i)
c:/st/stm32cubeide_1.12.0/stm32cubeide/plugins/com.st.stm32cube.ide.mcu.externaltools.gnu-tools-for-stm32.10.3-2021.10.win32_1.0.200.202301161003/tools/bin/../lib/gcc/arm-none-eabi/10.3.1/../../../../arm-none-eabi/lib/thumb/v7-m/nofp\libc_nano.a(lib_a-memchr-stub.o)
                              c:/st/stm32cubeide_1.12.0/stm32cubeide/plugins/com.st.stm32cube.ide.mcu.externaltools.gnu-tools-for-stm32.10.3-2021.10.win32_1.0.200.202301161003/tools/bin/../lib/gcc/arm-none-eabi/10.3.1/../../../../arm-none-eabi/lib/thumb/v7-m/nofp\libc_nano.a(lib_a-nano-svfprintf.o) (memchr)
c:/st/stm32cubeide_1.12.0/stm32cubeide/plugins/com.st.stm32cube.ide.mcu.externaltools.gnu-tools-for-stm32.10.3-2021.10.win32_1.0.200.202301161003/tools/bin/../lib/gcc/arm-none-eabi/10.3.1/../../../../arm-none-eabi/lib/thumb/v7-m/nofp\libc_nano.a(lib_a-memcpy-stub.o)
[...]
Memory Configuration

Name             Origin             Length             Attributes
RAM              0x0000000020000000 0x0000000000002800 xrw
FLASH            0x0000000008000000 0x0000000000008000 xr
*default*        0x0000000000000000 0xffffffffffffffff

Linker script and memory map

LOAD c:/st/stm32cubeide_1.12.0/stm32cubeide/plugins/com.st.stm32cube.ide.mcu.externaltools.gnu-tools-for-stm32.10.3-2021.10.win32_1.0.200.202301161003/tools/bin/../lib/gcc/arm-none-eabi/10.3.1/thumb/v7-m/nofp/crti.o
LOAD c:/st/stm32cubeide_1.12.0/stm32cubeide/plugins/com.st.stm32cube.ide.mcu.externaltools.gnu-tools-for-stm32.10.3-2021.10.win32_1.0.200.202301161003/tools/bin/../lib/gcc/arm-none-eabi/10.3.1/thumb/v7-m/nofp/crtbegin.o
LOAD c:/st/stm32cubeide_1.12.0/stm32cubeide/plugins/com.st.stm32cube.ide.mcu.externaltools.gnu-tools-for-stm32.10.3-2021.10.win32_1.0.200.202301161003/tools/bin/../lib/gcc/arm-none-eabi/10.3.1/../../../../arm-none-eabi/lib/thumb/v7-m/nofp/crt0.o
LOAD ./HAL/7Segment/se7en_segment.o
LOAD ./HAL/KeyPad_Driver/keypad.o
LOAD ./HAL/LCD_DRIVER/lcd.o
LOAD ./Src/main.o
LOAD ./Src/syscalls.o
LOAD ./Src/sysmem.o
LOAD ./Startup/startup_stm32f103c6tx.o
LOAD ./Stm32_F103C6_Drivers/EXTI/Stm32_F103C6_EXTI.o
LOAD ./Stm32_F103C6_Drivers/GPIO/Stm32_F103C6_GPIO.o
LOAD ./Stm32_F103C6_Drivers/RCC/Stm32_F103C6_RCC.o
LOAD ./Stm32_F103C6_Drivers/USART/Stm32_F103C6_USART.o
START GROUP
LOAD c:/st/stm32cubeide_1.12.0/stm32cubeide/plugins/com.st.stm32cube.ide.mcu.externaltools.gnu-tools-for-stm32.10.3-2021.10.win32_1.0.200.202301161003/tools/bin/../lib/gcc/arm-none-eabi/10.3.1/../../../../arm-none-eabi/lib/thumb/v7-m/nofp\libc_nano.a
LOAD c:/st/stm32cubeide_1.12.0/stm32cubeide/plugins/com.st.stm32cube.ide.mcu.externaltools.gnu-tools-for-stm32.10.3-2021.10.win32_1.0.200.202301161003/tools/bin/../lib/gcc/arm-none-eabi/10.3.1/../../../../arm-none-eabi/lib/thumb/v7-m/nofp\libm.a
END GROUP
START GROUP
LOAD c:/st/stm32cubeide_1.12.0/stm32cubeide/plugins/com.st.stm32cube.ide.mcu.externaltools.gnu-tools-for-stm32.10.3-2021.10.win32_1.0.200.202301161003/tools/bin/../lib/gcc/arm-none-eabi/10.3.1/thumb/v7-m/nofp\libgcc.a
LOAD c:/st/stm32cubeide_1.12.0/stm32cubeide/plugins/com.st.stm32cube.ide.mcu.externaltools.gnu-tools-for-stm32.10.3-2021.10.win32_1.0.200.202301161003/tools/bin/../lib/gcc/arm-none-eabi/10.3.1/../../../../arm-none-eabi/lib/thumb/v7-m/nofp\libg_nano.a
LOAD c:/st/stm32cubeide_1.12.0/stm32cubeide/plugins/com.st.stm32cube.ide.mcu.externaltools.gnu-tools-for-stm32.10.3-2021.10.win32_1.0.200.202301161003/tools/bin/../lib/gcc/arm-none-eabi/10.3.1/../../../../arm-none-eabi/lib/thumb/v7-m/nofp\libc_nano.a
END GROUP
START GROUP
LOAD c:/st/stm32cubeide_1.12.0/stm32cubeide/plugins/com.st.stm32cube.ide.mcu.externaltools.gnu-tools-for-stm32.10.3-2021.10.win32_1.0.200.202301161003/tools/bin/../lib/gcc/arm-none-eabi/10.3.1/thumb/v7-m/nofp\libgcc.a
LOAD c:/st/stm32cubeide_1.12.0/stm32cubeide/plugins/com.st.stm32cube.ide.mcu.externaltools.gnu-tools-for-stm32.10.3-2021.10.win32_1.0.200.202301161003/tools/bin/../lib/gcc/arm-none-eabi/10.3.1/../../../../arm-none-eabi/lib/thumb/v7-m/nofp\libc_nano.a
LOAD c:/st/stm32cubeide_1.12.0/stm32cubeide/plugins/com.st.stm32cube.ide.mcu.externaltools.gnu-tools-for-stm32.10.3-2021.10.win32_1.0.200.202301161003/tools/bin/../lib/gcc/arm-none-eabi/10.3.1/../../../../arm-none-eabi/lib/thumb/v7-m/nofp\libnosys.a
END GROUP
START GROUP
LOAD c:/st/stm32cubeide_1.12.0/stm32cubeide/plugins/com.st.stm32cube.ide.mcu.externaltools.gnu-tools-for-stm32.10.3-2021.10.win32_1.0.200.202301161003/tools/bin/../lib/gcc/arm-none-eabi/10.3.1/thumb/v7-m/nofp\libgcc.a
LOAD c:/st/stm32cubeide_1.12.0/stm32cubeide/plugins/com.st.stm32cube.ide.mcu.externaltools.gnu-tools-for-stm32.10.3-2021.10.win32_1.0.200.202301161003/tools/bin/../lib/gcc/arm-none-eabi/10.3.1/../../../../arm-none-eabi/lib/thumb/v7-m/nofp\libc_nano.a
LOAD c:/st/stm32cubeide_1.12.0/stm32cubeide/plugins/com.st.stm32cube.ide.mcu.externaltools.gnu-tools-for-stm32.10.3-2021.10.win32_1.0.200.202301161003/tools/bin/../lib/gcc/arm-none-eabi/10.3.1/../../../../arm-none-eabi/lib/thumb/v7-m/nofp\libnosys.a
END GROUP
LOAD c:/st/stm32cubeide_1.12.0/stm32cubeide/plugins/com.st.stm32cube.ide.mcu.externaltools.gnu-tools-for-stm32.10.3-2021.10.win32_1.0.200.202301161003/tools/bin/../lib/gcc/arm-none-eabi/10.3.1/thumb/v7-m/nofp/crtend.o
LOAD c:/st/stm32cubeide_1.12.0/stm32cubeide/plugins/com.st.stm32cube.ide.mcu.externaltools.gnu-tools-for-stm32.10.3-2021.10.win32_1.0.200.202301161003/tools/bin/../lib/gcc/arm-none-eabi/10.3.1/thumb/v7-m/nofp/crtn.o
                0x0000000020002800                _estack = (ORIGIN (RAM) + LENGTH (RAM))
                0x0000000000000200                _Min_Heap_Size = 0x200
                0x0000000000000400                _Min_Stack_Size = 0x400

.isr_vector     0x0000000008000000      0x130
                0x0000000008000000                . = ALIGN (0x4)
 *(.isr_vector)
 .isr_vector    0x0000000008000000      0x130 ./Startup/startup_stm32f103c6tx.o
                0x0000000008000000                g_pfnVectors
                0x0000000008000130                . = ALIGN (0x4)

.text           0x0000000008000130      0xc84
                0x0000000008000130                . = ALIGN (0x4)
 *(.text)
 .text          0x0000000008000130       0x40 c:/st/stm32cubeide_1.12.0/stm32cubeide/plugins/com.st.stm32cube.ide.mcu.externaltools.gnu-tools-for-stm32.10.3-2021.10.win32_1.0.200.202301161003/tools/bin/../lib/gcc/arm-none-eabi/10.3.1/thumb/v7-m/nofp/crtbegin.o
 *(.text*)
 .text.delay_ms
                0x0000000008000170       0x3a ./HAL/LCD_DRIVER/lcd.o
 *fill*         0x00000000080001aa        0x2 
 .text.LCD_GPIO_init
                0x00000000080001ac      0x158 ./HAL/LCD_DRIVER/lcd.o
                0x00000000080001ac                LCD_GPIO_init
 .text.lcd_kick
                0x0000000008000304       0x2c ./HAL/LCD_DRIVER/lcd.o
                0x0000000008000304                lcd_kick
 .text.lcd_send_command
                0x0000000008000330       0x44 ./HAL/LCD_DRIVER/lcd.o
                0x0000000008000330                lcd_send_command
 .text.lcd_init
                0x0000000008000374       0x34 ./HAL/LCD_DRIVER/lcd.o
                0x0000000008000374                lcd_init
 .text.lcd_clear
                0x00000000080003a8        0xe ./HAL/LCD_DRIVER/lcd.o
                0x00000000080003a8                lcd_clear
 *fill*         0x00000000080003b6        0x2 
 .text.UART_IRQ_Callback
                0x00000000080003b8       0x1c ./Src/main.o
                0x00000000080003b8                UART_IRQ_Callback
 .text.clock_init
                0x00000000080003d4       0x34 ./Src/main.o
                0x00000000080003d4                clock_init
 .text.main     0x0000000008000408       0x4c ./Src/main.o
                0x0000000008000408                main
 .text.Reset_Handler
                0x0000000008000454       0x50 ./Startup/startup_stm32f103c6tx.o
                0x0000000008000454                Reset_Handler
 .text.Default_Handler
                0x00000000080004a4        0x2 ./Startup/startup_stm32f103c6tx.o
                0x00000000080004a4                TIM8_TRG_COM_IRQHandler
                0x00000000080004a4                TIM8_CC_IRQHandler
                0x00000000080004a4                DebugMon_Handler
                0x00000000080004a4                TIM1_CC_IRQHandler
                0x00000000080004a4                HardFault_Handler
                0x00000000080004a4                TIM6_IRQHandler
                0x00000000080004a4                SysTick_Handler
                0x00000000080004a4                PVD_IRQHandler
                0x00000000080004a4                SDIO_IRQHandler
                0x00000000080004a4                PendSV_Handler
                0x00000000080004a4                NMI_Handler
                0x00000000080004a4                USB_HP_CAN_TX_IRQHandler
                0x00000000080004a4                I2C2_EV_IRQHandler
                0x00000000080004a4                UsageFault_Handler
                0x00000000080004a4                ADC1_2_IRQHandler
                0x00000000080004a4                SPI1_IRQHandler
                0x00000000080004a4                CAN_SCE_IRQHandler
                0x00000000080004a4                TAMPER_IRQHandler
                0x00000000080004a4                TIM8_UP_IRQHandler
                0x00000000080004a4                DMA2_Channel2_IRQHandler
                0x00000000080004a4                DMA1_Channel4_IRQHandler
                0x00000000080004a4                RTC_IRQHandler
                0x00000000080004a4                DMA1_Channel7_IRQHandler
                0x00000000080004a4                UART5_IRQHandler
                0x00000000080004a4                ADC3_IRQHandler
                0x00000000080004a4                TIM4_IRQHandler
                0x00000000080004a4                CAN_RX1_IRQHandler
                0x00000000080004a4                DMA2_Channel1_IRQHandler
                0x00000000080004a4                I2C1_EV_IRQHandler
                0x00000000080004a4                DMA1_Channel6_IRQHandler
                0x00000000080004a4                UART4_IRQHandler
                0x00000000080004a4                TIM3_IRQHandler
                0x00000000080004a4                RCC_IRQHandler
                0x00000000080004a4                TIM1_TRG_COM_IRQHandler
                0x00000000080004a4                DMA1_Channel1_IRQHandler
                0x00000000080004a4                Default_Handler
                0x00000000080004a4                TIM7_IRQHandler
                0x00000000080004a4                TIM5_IRQHandler
                0x00000000080004a4                SPI2_IRQHandler
                0x00000000080004a4                USB_LP_CAN_RX0_IRQHandler
                0x00000000080004a4                MemManage_Handler
                0x00000000080004a4                SVC_Handler
                0x00000000080004a4                DMA1_Channel5_IRQHandler
                0x00000000080004a4                DMA1_Channel3_IRQHandler
                0x00000000080004a4                FSMC_IRQHandler
                0x00000000080004a4                TIM1_UP_IRQHandler
                0x00000000080004a4                WWDG_IRQHandler
                0x00000000080004a4                TIM2_IRQHandler
                0x00000000080004a4                TIM1_BRK_IRQHandler
                0x00000000080004a4                RTCAlarm_IRQHandler
                0x00000000080004a4                DMA2_Channel4_5_IRQHandler
                0x00000000080004a4                I2C2_ER_IRQHandler
                0x00000000080004a4                DMA1_Channel2_IRQHandler
                0x00000000080004a4                TIM8_BRK_IRQHandler
                0x00000000080004a4                FLASH_IRQHandler
                0x00000000080004a4                BusFault_Handler
                0x00000000080004a4                SPI3_IRQHandler
                0x00000000080004a4                I2C1_ER_IRQHandler
                0x00000000080004a4                DMA2_Channel3_IRQHandler
 *fill*         0x00000000080004a6        0x2 
 .text.EXTI0_IRQHandler
                0x00000000080004a8       0x24 ./Stm32_F103C6_Drivers/EXTI/Stm32_F103C6_EXTI.o
                0x00000000080004a8                EXTI0_IRQHandler
 .text.EXTI1_IRQHandler
                0x00000000080004cc       0x24 ./Stm32_F103C6_Drivers/EXTI/Stm32_F103C6_EXTI.o
                0x00000000080004cc                EXTI1_IRQHandler
 .text.EXTI2_IRQHandler
                0x00000000080004f0       0x24 ./Stm32_F103C6_Drivers/EXTI/Stm32_F103C6_EXTI.o
                0x00000000080004f0                EXTI2_IRQHandler
 .text.EXTI3_IRQHandler
                0x0000000008000514       0x24 ./Stm32_F103C6_Drivers/EXTI/Stm32_F103C6_EXTI.o
                0x0000000008000514                EXTI3_IRQHandler
 .text.EXTI4_IRQHandler
                0x0000000008000538       0x24 ./Stm32_F103C6_Drivers/EXTI/Stm32_F103C6_EXTI.o
                0x0000000008000538                EXTI4_IRQHandler
 .text.EXTI9_5_IRQHandler
                0x000000000800055c       0xa8 ./Stm32_F103C6_Drivers/EXTI/Stm32_F103C6_EXTI.o
                0x000000000800055c                EXTI9_5_IRQHandler
 .text.EXTI15_10_IRQHandler
                0x0000000008000604       0xc4 ./Stm32_F103C6_Drivers/EXTI/Stm32_F103C6_EXTI.o
                0x0000000008000604                EXTI15_10_IRQHandler
 .text.Get_Bit_Location
                0x00000000080006c8      0x170 ./Stm32_F103C6_Drivers/GPIO/Stm32_F103C6_GPIO.o
                0x00000000080006c8                Get_Bit_Location
 .text.MCAL_GPIO_Init
                0x0000000008000838       0xf8 ./Stm32_F103C6_Drivers/GPIO/Stm32_F103C6_GPIO.o
                0x0000000008000838                MCAL_GPIO_Init
 .text.MCAL_GPIO_WritePort
                0x0000000008000930       0x1c ./Stm32_F103C6_Drivers/GPIO/Stm32_F103C6_GPIO.o
                0x0000000008000930                MCAL_GPIO_WritePort
 .text.MCAL_GPIO_WritePin
                0x000000000800094c       0x2e ./Stm32_F103C6_Drivers/GPIO/Stm32_F103C6_GPIO.o
                0x000000000800094c                MCAL_GPIO_WritePin
 *fill*         0x000000000800097a        0x2 
 .text.MCAL_RCC_GetSYS_CLKFreq
                0x000000000800097c       0x40 ./Stm32_F103C6_Drivers/RCC/Stm32_F103C6_RCC.o
                0x000000000800097c                MCAL_RCC_GetSYS_CLKFreq
 .text.MCAL_RCC_Get_HCLKFreq
                0x00000000080009bc       0x28 ./Stm32_F103C6_Drivers/RCC/Stm32_F103C6_RCC.o
                0x00000000080009bc                MCAL_RCC_Get_HCLKFreq
 .text.MCAL_RCC_Get_PCLK1Freq
                0x00000000080009e4       0x28 ./Stm32_F103C6_Drivers/RCC/Stm32_F103C6_RCC.o
                0x00000000080009e4                MCAL_RCC_Get_PCLK1Freq
 .text.MCAL_RCC_Get_PCLK2Freq
                0x0000000008000a0c       0x28 ./Stm32_F103C6_Drivers/RCC/Stm32_F103C6_RCC.o
                0x0000000008000a0c                MCAL_RCC_Get_PCLK2Freq
 .text.MCAL_UART_GPIO_Set_Pins
                0x0000000008000a34       0xcc ./Stm32_F103C6_Drivers/USART/Stm32_F103C6_USART.o
                0x0000000008000a34                MCAL_UART_GPIO_Set_Pins
 .text.MCAL_USART_Init
                0x0000000008000b00      0x188 ./Stm32_F103C6_Drivers/USART/Stm32_F103C6_USART.o
                0x0000000008000b00                MCAL_USART_Init
 .text.MCAL_USART_Transmit
                0x0000000008000c88       0x36 ./Stm32_F103C6_Drivers/USART/Stm32_F103C6_USART.o
                0x0000000008000c88                MCAL_USART_Transmit
 *fill*         0x0000000008000cbe        0x2 
 .text.MCAL_USART_Transmit_String
                0x0000000008000cc0       0x58 ./Stm32_F103C6_Drivers/USART/Stm32_F103C6_USART.o
                0x0000000008000cc0                MCAL_USART_Transmit_String
 .text.USART1_IRQHandler
                0x0000000008000d18       0x14 ./Stm32_F103C6_Drivers/USART/Stm32_F103C6_USART.o
                0x0000000008000d18                USART1_IRQHandler
 .text.USART2_IRQHandler
                0x0000000008000d2c       0x14 ./Stm32_F103C6_Drivers/USART/Stm32_F103C6_USART.o
                0x0000000008000d2c                USART2_IRQHandler
 .text.USART3_IRQHandler
                0x0000000008000d40       0x14 ./Stm32_F103C6_Drivers/USART/Stm32_F103C6_USART.o
                0x0000000008000d40                USART3_IRQHandler
 .text.__libc_init_array
                0x0000000008000d54       0x48 c:/st/stm32cubeide_1.12.0/stm32cubeide/plugins/com.st.stm32cube.ide.mcu.externaltools.gnu-tools-for-stm32.10.3-2021.10.win32_1.0.200.202301161003/tools/bin/../lib/gcc/arm-none-eabi/10.3.1/../../../../arm-none-eabi/lib/thumb/v7-m/nofp\libc_nano.a(lib_a-init.o)
                0x0000000008000d54                __libc_init_array
 *(.glue_7)
 .glue_7        0x0000000008000d9c        0x0 linker stubs
 *(.glue_7t)
 .glue_7t       0x0000000008000d9c        0x0 linker stubs
 *(.eh_frame)
 .eh_frame      0x0000000008000d9c        0x0 c:/st/stm32cubeide_1.12.0/stm32cubeide/plugins/com.st.stm32cube.ide.mcu.externaltools.gnu-tools-for-stm32.10.3-2021.10.win32_1.0.200.202301161003/tools/bin/../lib/gcc/arm-none-eabi/10.3.1/thumb/v7-m/nofp/crtbegin.o
 *(.init)
 .init          0x0000000008000d9c        0x4 c:/st/stm32cubeide_1.12.0/stm32cubeide/plugins/com.st.stm32cube.ide.mcu.externaltools.gnu-tools-for-stm32.10.3-2021.10.win32_1.0.200.202301161003/tools/bin/../lib/gcc/arm-none-eabi/10.3.1/thumb/v7-m/nofp/crti.o
                0x0000000008000d9c                _init
 .init          0x0000000008000da0        0x8 c:/st/stm32cubeide_1.12.0/stm32cubeide/plugins/com.st.stm32cube.ide.mcu.externaltools.gnu-tools-for-stm32.10.3-2021.10.win32_1.0.200.202301161003/tools/bin/../lib/gcc/arm-none-eabi/10.3.1/thumb/v7-m/nofp/crtn.o
 *(.fini)
 .fini          0x0000000008000da8        0x4 c:/st/stm32cubeide_1.12.0/stm32cubeide/plugins/com.st.stm32cube.ide.mcu.externaltools.gnu-tools-for-stm32.10.3-2021.10.win32_1.0.200.202301161003/tools/bin/../lib/gcc/arm-none-eabi/10.3.1/thumb/v7-m/nofp/crti.o
                0x0000000008000da8                _fini
 .fini          0x0000000008000dac        0x8 c:/st/stm32cubeide_1.12.0/stm32cubeide/plugins/com.st.stm32cube.ide.mcu.externaltools.gnu-tools-for-stm32.10.3-2021.10.win32_1.0.200.202301161003/tools/bin/../lib/gcc/arm-none-eabi/10.3.1/thumb/v7-m/nofp/crtn.o
                0x0000000008000db4                . = ALIGN (0x4)
                0x0000000008000db4                _etext = .

.vfp11_veneer   0x0000000008000db4        0x0
 .vfp11_veneer  0x0000000008000db4        0x0 linker stubs

.v4_bx          0x0000000008000db4        0x0
 .v4_bx         0x0000000008000db4        0x0 linker stubs

.iplt           0x0000000008000db4        0x0
 .iplt          0x0000000008000db4        0x0 c:/st/stm32cubeide_1.12.0/stm32cubeide/plugins/com.st.stm32cube.ide.mcu.externaltools.gnu-tools-for-stm32.10.3-2021.10.win32_1.0.200.202301161003/tools/bin/../lib/gcc/arm-none-eabi/10.3.1/thumb/v7-m/nofp/crtbegin.o

.rodata         0x0000000008000db4       0x20
                0x0000000008000db4                . = ALIGN (0x4)
 *(.rodata)
 .rodata        0x0000000008000db4        0x6 ./Src/main.o
 *(.rodata*)
 *fill*         0x0000000008000dba        0x2 
 .rodata.APBPrescTable
                0x0000000008000dbc        0x8 ./Stm32_F103C6_Drivers/RCC/Stm32_F103C6_RCC.o
                0x0000000008000dbc                APBPrescTable
 .rodata.AHBPrescTable
                0x0000000008000dc4       0x10 ./Stm32_F103C6_Drivers/RCC/Stm32_F103C6_RCC.o
                0x0000000008000dc4                AHBPrescTable
                0x0000000008000dd4                . = ALIGN (0x4)

.rel.dyn        0x0000000008000dd4        0x0
 .rel.iplt      0x0000000008000dd4        0x0 c:/st/stm32cubeide_1.12.0/stm32cubeide/plugins/com.st.stm32cube.ide.mcu.externaltools.gnu-tools-for-stm32.10.3-2021.10.win32_1.0.200.202301161003/tools/bin/../lib/gcc/arm-none-eabi/10.3.1/thumb/v7-m/nofp/crtbegin.o

.ARM.extab      0x0000000008000dd4        0x0
                0x0000000008000dd4                . = ALIGN (0x4)
 *(.ARM.extab* .gnu.linkonce.armextab.*)
                0x0000000008000dd4                . = ALIGN (0x4)

.ARM            0x0000000008000dd4        0x0
                0x0000000008000dd4                . = ALIGN (0x4)
                0x0000000008000dd4                __exidx_start = .
 *(.ARM.exidx*)
                0x0000000008000dd4                __exidx_end = .
                0x0000000008000dd4                . = ALIGN (0x4)

.preinit_array  0x0000000008000dd4        0x0
                0x0000000008000dd4                . = ALIGN (0x4)
                0x0000000008000dd4                PROVIDE (__preinit_array_start = .)
 *(.preinit_array*)
                0x0000000008000dd4                PROVIDE (__preinit_array_end = .)
                0x0000000008000dd4                . = ALIGN (0x4)

.init_array     0x0000000008000dd4        0x4
                0x0000000008000dd4                . = ALIGN (0x4)
                0x0000000008000dd4                PROVIDE (__init_array_start = .)
 *(SORT_BY_NAME(.init_array.*))
 *(.init_array*)
 .init_array    0x0000000008000dd4        0x4 c:/st/stm32cubeide_1.12.0/stm32cubeide/plugins/com.st.stm32cube.ide.mcu.externaltools.gnu-tools-for-stm32.10.3-2021.10.win32_1.0.200.202301161003/tools/bin/../lib/gcc/arm-none-eabi/10.3.1/thumb/v7-m/nofp/crtbegin.o
                0x0000000008000dd8                PROVIDE (__init_array_end = .)
                0x0000000008000dd8                . = ALIGN (0x4)

.fini_array     0x0000000008000dd8        0x4
                0x0000000008000dd8                . = ALIGN (0x4)
                [!provide]                        PROVIDE (__fini_array_start = .)
 *(SORT_BY_NAME(.fini_array.*))
 *(.fini_array*)
 .fini_array    0x0000000008000dd8        0x4 c:/st/stm32cubeide_1.12.0/stm32cubeide/plugins/com.st.stm32cube.ide.mcu.externaltools.gnu-tools-for-stm32.10.3-2021.10.win32_1.0.200.202301161003/tools/bin/../lib/gcc/arm-none-eabi/10.3.1/thumb/v7-m/nofp/crtbegin.o
                [!provide]                        PROVIDE (__fini_array_end = .)
                0x0000000008000ddc                . = ALIGN (0x4)
                0x0000000008000ddc                _sidata = LOADADDR (.data)

.data           0x0000000020000000        0x4 load address 0x0000000008000ddc
                0x0000000020000000                . = ALIGN (0x4)
                0x0000000020000000                _sdata = .
 *(.data)
 *(.data*)
 .data.ch       0x0000000020000000        0x4 ./Src/main.o
                0x0000000020000000                ch
 *(.RamFunc)
 *(.RamFunc*)
                0x0000000020000004                . = ALIGN (0x4)
                0x0000000020000004                _edata = .

.igot.plt       0x0000000020000004        0x0 load address 0x0000000008000de0
 .igot.plt      0x0000000020000004        0x0 c:/st/stm32cubeide_1.12.0/stm32cubeide/plugins/com.st.stm32cube.ide.mcu.externaltools.gnu-tools-for-stm32.10.3-2021.10.win32_1.0.200.202301161003/tools/bin/../lib/gcc/arm-none-eabi/10.3.1/thumb/v7-m/nofp/crtbegin.o
                0x0000000020000004                . = ALIGN (0x4)

.bss            0x0000000020000004       0x60 load address 0x0000000008000de0
                0x0000000020000004                _sbss = .
                0x0000000020000004                __bss_start__ = _sbss
 *(.bss)
 .bss           0x0000000020000004       0x1c c:/st/stm32cubeide_1.12.0/stm32cubeide/plugins/com.st.stm32cube.ide.mcu.externaltools.gnu-tools-for-stm32.10.3-2021.10.win32_1.0.200.202301161003/tools/bin/../lib/gcc/arm-none-eabi/10.3.1/thumb/v7-m/nofp/crtbegin.o
 *(.bss*)
 .bss.PinCfg    0x0000000020000020        0x4 ./HAL/LCD_DRIVER/lcd.o
                0x0000000020000020                PinCfg
 .bss.GP_IRQ_callBack
                0x0000000020000024       0x3c ./Stm32_F103C6_Drivers/EXTI/Stm32_F103C6_EXTI.o
                0x0000000020000024                GP_IRQ_callBack
 .bss.Global_UART_Config
                0x0000000020000060        0x4 ./Stm32_F103C6_Drivers/USART/Stm32_F103C6_USART.o
                0x0000000020000060                Global_UART_Config
 *(COMMON)
                0x0000000020000064                . = ALIGN (0x4)
                0x0000000020000064                _ebss = .
                0x0000000020000064                __bss_end__ = _ebss

._user_heap_stack
                0x0000000020000064      0x604 load address 0x0000000008000de0
                0x0000000020000068                . = ALIGN (0x8)
 *fill*         0x0000000020000064        0x4 
                [!provide]                        PROVIDE (end = .)
                0x0000000020000068                PROVIDE (_end = .)
                0x0000000020000268                . = (. + _Min_Heap_Size)
 *fill*         0x0000000020000068      0x200 
                0x0000000020000668                . = (. + _Min_Stack_Size)
 *fill*         0x0000000020000268      0x400 
                0x0000000020000668                . = ALIGN (0x8)

/DISCARD/
 libc.a(*)
 libm.a(*)
 libgcc.a(*)

.ARM.attributes
                0x0000000000000000       0x29
 *(.ARM.attributes)
 .ARM.attributes
                0x0000000000000000       0x1d c:/st/stm32cubeide_1.12.0/stm32cubeide/plugins/com.st.stm32cube.ide.mcu.externaltools.gnu-tools-for-stm32.10.3-2021.10.win32_1.0.200.202301161003/tools/bin/../lib/gcc/arm-none-eabi/10.3.1/thumb/v7-m/nofp/crti.o
 .ARM.attributes
                0x000000000000001d       0x2d c:/st/stm32cubeide_1.12.0/stm32cubeide/plugins/com.st.stm32cube.ide.mcu.externaltools.gnu-tools-for-stm32.10.3-2021.10.win32_1.0.200.202301161003/tools/bin/../lib/gcc/arm-none-eabi/10.3.1/thumb/v7-m/nofp/crtbegin.o
 .ARM.attributes
                0x000000000000004a       0x2d ./HAL/LCD_DRIVER/lcd.o
 .ARM.attributes
                0x0000000000000077       0x2d ./Src/main.o
 .ARM.attributes
                0x00000000000000a4       0x21 ./Startup/startup_stm32f103c6tx.o
 .ARM.attributes
                0x00000000000000c5       0x2d ./Stm32_F103C6_Drivers/EXTI/Stm32_F103C6_EXTI.o
 .ARM.attributes
                0x00000000000000f2       0x2d ./Stm32_F103C6_Drivers/GPIO/Stm32_F103C6_GPIO.o
 .ARM.attributes
                0x000000000000011f       0x2d ./Stm32_F103C6_Drivers/RCC/Stm32_F103C6_RCC.o
 .ARM.attributes
                0x000000000000014c       0x2d ./Stm32_F103C6_Drivers/USART/Stm32_F103C6_USART.o
 .ARM.attributes
                0x0000000000000179       0x2d c:/st/stm32cubeide_1.12.0/stm32cubeide/plugins/com.st.stm32cube.ide.mcu.externaltools.gnu-tools-for-stm32.10.3-2021.10.win32_1.0.200.202301161003/tools/bin/../lib/gcc/arm-none-eabi/10.3.1/../../../../arm-none-eabi/lib/thumb/v7-m/nofp\libc_nano.a(lib_a-init.o)
 .ARM.attributes
                0x00000000000001a6       0x1d c:/st/stm32cubeide_1.12.0/stm32cubeide/plugins/com.st.stm32cube.ide.mcu.externaltools.gnu-tools-for-stm32.10.3-2021.10.win32_1.0.200.202301161003/tools/bin/../lib/gcc/arm-none-eabi/10.3.1/thumb/v7-m/nofp/crtn.o
OUTPUT(Drivers.elf elf32-littlearm)
LOAD linker stubs
LOAD c:/st/stm32cubeide_1.12.0/stm32cubeide/plugins/com.st.stm32cube.ide.mcu.externaltools.gnu-tools-for-stm32.10.3-2021.10.win32_1.0.200.202301161003/tools/bin/../lib/gcc/arm-none-eabi/10.3.1/../../../../arm-none-eabi/lib/thumb/v7-m/nofp\libc.a
LOAD c:/st/stm32cubeide_1.12.0/stm32cubeide/plugins/com.st.stm32cube.ide.mcu.externaltools.gnu-tools-for-stm32.10.3-2021.10.win32_1.0.200.202301161003/tools/bin/../lib/gcc/arm-none-eabi/10.3.1/../../../../arm-none-eabi/lib/thumb/v7-m/nofp\libm.a
LOAD c:/st/stm32cubeide_1.12.0/stm32cubeide/plugins/com.st.stm32cube.ide.mcu.externaltools.gnu-tools-for-stm32.10.3-2021.10.win32_1.0.200.202301161003/tools/bin/../lib/gcc/arm-none-eabi/10.3.1/thumb/v7-m/nofp\libgcc.a

.debug_info     0x0000000000000000     0x1a69
 .debug_info    0x0000000000000000      0x49b ./HAL/LCD_DRIVER/lcd.o
 .debug_info    0x000000000000049b      0x3d6 ./Src/main.o
 .debug_info    0x0000000000000871       0x22 ./Startup/startup_stm32f103c6tx.o
 .debug_info    0x0000000000000893      0x52c ./Stm32_F103C6_Drivers/EXTI/Stm32_F103C6_EXTI.o
 .debug_info    0x0000000000000dbf      0x492 ./Stm32_F103C6_Drivers/GPIO/Stm32_F103C6_GPIO.o
 .debug_info    0x0000000000001251      0x223 ./Stm32_F103C6_Drivers/RCC/Stm32_F103C6_RCC.o
 .debug_info    0x0000000000001474      0x5f5 ./Stm32_F103C6_Drivers/USART/Stm32_F103C6_USART.o

.debug_abbrev   0x0000000000000000      0x883
 .debug_abbrev  0x0000000000000000      0x18d ./HAL/LCD_DRIVER/lcd.o
 .debug_abbrev  0x000000000000018d      0x198 ./Src/main.o
 .debug_abbrev  0x0000000000000325       0x12 ./Startup/startup_stm32f103c6tx.o
 .debug_abbrev  0x0000000000000337      0x19a ./Stm32_F103C6_Drivers/EXTI/Stm32_F103C6_EXTI.o
 .debug_abbrev  0x00000000000004d1      0x124 ./Stm32_F103C6_Drivers/GPIO/Stm32_F103C6_GPIO.o
 .debug_abbrev  0x00000000000005f5       0xda ./Stm32_F103C6_Drivers/RCC/Stm32_F103C6_RCC.o
 .debug_abbrev  0x00000000000006cf      0x1b4 ./Stm32_F103C6_Drivers/USART/Stm32_F103C6_USART.o

.debug_loc      0x0000000000000000      0xe19
 .debug_loc     0x0000000000000000      0x319 ./HAL/LCD_DRIVER/lcd.o
 .debug_loc     0x0000000000000319      0x104 ./Src/main.o
 .debug_loc     0x000000000000041d      0x320 ./Stm32_F103C6_Drivers/EXTI/Stm32_F103C6_EXTI.o
 .debug_loc     0x000000000000073d      0x330 ./Stm32_F103C6_Drivers/GPIO/Stm32_F103C6_GPIO.o
 .debug_loc     0x0000000000000a6d       0xc8 ./Stm32_F103C6_Drivers/RCC/Stm32_F103C6_RCC.o
 .debug_loc     0x0000000000000b35      0x2e4 ./Stm32_F103C6_Drivers/USART/Stm32_F103C6_USART.o

.debug_aranges  0x0000000000000000      0x258
 .debug_aranges
                0x0000000000000000       0x78 ./HAL/LCD_DRIVER/lcd.o
 .debug_aranges
                0x0000000000000078       0x38 ./Src/main.o
 .debug_aranges
                0x00000000000000b0       0x28 ./Startup/startup_stm32f103c6tx.o
 .debug_aranges
                0x00000000000000d8       0x80 ./Stm32_F103C6_Drivers/EXTI/Stm32_F103C6_EXTI.o
 .debug_aranges
                0x0000000000000158       0x60 ./Stm32_F103C6_Drivers/GPIO/Stm32_F103C6_GPIO.o
 .debug_aranges
                0x00000000000001b8       0x38 ./Stm32_F103C6_Drivers/RCC/Stm32_F103C6_RCC.o
 .debug_aranges
                0x00000000000001f0       0x68 ./Stm32_F103C6_Drivers/USART/Stm32_F103C6_USART.o

.debug_ranges   0x0000000000000000      0x1f0
 .debug_ranges  0x0000000000000000       0x68 ./HAL/LCD_DRIVER/lcd.o
 .debug_ranges  0x0000000000000068       0x28 ./Src/main.o
 .debug_ranges  0x0000000000000090       0x20 ./Startup/startup_stm32f103c6tx.o
 .debug_ranges  0x00000000000000b0       0x70 ./Stm32_F103C6_Drivers/EXTI/Stm32_F103C6_EXTI.o
 .debug_ranges  0x0000000000000120       0x50 ./Stm32_F103C6_Drivers/GPIO/Stm32_F103C6_GPIO.o
 .debug_ranges  0x0000000000000170       0x28 ./Stm32_F103C6_Drivers/RCC/Stm32_F103C6_RCC.o
 .debug_ranges  0x0000000000000198       0x58 ./Stm32_F103C6_Drivers/USART/Stm32_F103C6_USART.o

.debug_macro    0x0000000000000000      0xfc2
 .debug_macro   0x0000000000000000      0x24f ./HAL/LCD_DRIVER/lcd.o
 .debug_macro   0x000000000000024f       0x10 ./HAL/LCD_DRIVER/lcd.o
 .debug_macro   0x000000000000025f       0xd6 ./HAL/LCD_DRIVER/lcd.o
 .debug_macro   0x0000000000000335      0x26b ./Src/main.o
 .debug_macro   0x00000000000005a0       0x16 ./Src/main.o
 .debug_macro   0x00000000000005b6       0xf1 ./Src/main.o
 .debug_macro   0x00000000000006a7      0x18f ./Stm32_F103C6_Drivers/EXTI/Stm32_F103C6_EXTI.o
 .debug_macro   0x0000000000000836       0xd6 ./Stm32_F103C6_Drivers/EXTI/Stm32_F103C6_EXTI.o
 .debug_macro   0x000000000000090c      0x220 ./Stm32_F103C6_Drivers/EXTI/Stm32_F103C6_EXTI.o
 .debug_macro   0x0000000000000b2c      0x17c ./Stm32_F103C6_Drivers/GPIO/Stm32_F103C6_GPIO.o
 .debug_macro   0x0000000000000ca8      0x17c ./Stm32_F103C6_Drivers/RCC/Stm32_F103C6_RCC.o
 .debug_macro   0x0000000000000e24       0x10 ./Stm32_F103C6_Drivers/RCC/Stm32_F103C6_RCC.o
 .debug_macro   0x0000000000000e34      0x18e ./Stm32_F103C6_Drivers/USART/Stm32_F103C6_USART.o

.debug_line     0x0000000000000000     0x3084
 .debug_line    0x0000000000000000      0x8f7 ./HAL/LCD_DRIVER/lcd.o
 .debug_line    0x00000000000008f7      0x71d ./Src/main.o
 .debug_line    0x0000000000001014       0x84 ./Startup/startup_stm32f103c6tx.o
 .debug_line    0x0000000000001098      0x9c7 ./Stm32_F103C6_Drivers/EXTI/Stm32_F103C6_EXTI.o
 .debug_line    0x0000000000001a5f      0x78f ./Stm32_F103C6_Drivers/GPIO/Stm32_F103C6_GPIO.o
 .debug_line    0x00000000000021ee      0x61a ./Stm32_F103C6_Drivers/RCC/Stm32_F103C6_RCC.o
 .debug_line    0x0000000000002808      0x87c ./Stm32_F103C6_Drivers/USART/Stm32_F103C6_USART.o

.debug_str      0x0000000000000000     0xaf23
 .debug_str     0x0000000000000000     0x906a ./HAL/LCD_DRIVER/lcd.o
                                       0x9285 (size before relaxing)
 .debug_str     0x000000000000906a      0x7dc ./Src/main.o
                                       0x98ba (size before relaxing)
 .debug_str     0x0000000000009846       0x31 ./Startup/startup_stm32f103c6tx.o
                                         0x5d (size before relaxing)
 .debug_str     0x0000000000009877     0x1412 ./Stm32_F103C6_Drivers/EXTI/Stm32_F103C6_EXTI.o
                                       0x9250 (size before relaxing)
 .debug_str     0x000000000000ac89       0xf1 ./Stm32_F103C6_Drivers/GPIO/Stm32_F103C6_GPIO.o
                                       0x7f89 (size before relaxing)
 .debug_str     0x000000000000ad7a       0xa7 ./Stm32_F103C6_Drivers/RCC/Stm32_F103C6_RCC.o
                                       0x7af2 (size before relaxing)
 .debug_str     0x000000000000ae21      0x102 ./Stm32_F103C6_Drivers/USART/Stm32_F103C6_USART.o
                                       0x86f7 (size before relaxing)

.comment        0x0000000000000000       0x50
 .comment       0x0000000000000000       0x50 ./HAL/LCD_DRIVER/lcd.o
                                         0x51 (size before relaxing)
 .comment       0x0000000000000050       0x51 ./Src/main.o
 .comment       0x0000000000000050       0x51 ./Stm32_F103C6_Drivers/EXTI/Stm32_F103C6_EXTI.o
 .comment       0x0000000000000050       0x51 ./Stm32_F103C6_Drivers/GPIO/Stm32_F103C6_GPIO.o
 .comment       0x0000000000000050       0x51 ./Stm32_F103C6_Drivers/RCC/Stm32_F103C6_RCC.o
 .comment       0x0000000000000050       0x51 ./Stm32_F103C6_Drivers/USART/Stm32_F103C6_USART.o

.debug_frame    0x0000000000000000      0x774
 .debug_frame   0x0000000000000000      0x19c ./HAL/LCD_DRIVER/lcd.o
 .debug_frame   0x000000000000019c       0x94 ./Src/main.o
 .debug_frame   0x0000000000000230      0x1b0 ./Stm32_F103C6_Drivers/EXTI/Stm32_F103C6_EXTI.o
 .debug_frame   0x00000000000003e0      0x174 ./Stm32_F103C6_Drivers/GPIO/Stm32_F103C6_GPIO.o
 .debug_frame   0x0000000000000554       0x84 ./Stm32_F103C6_Drivers/RCC/Stm32_F103C6_RCC.o
 .debug_frame   0x00000000000005d8      0x170 ./Stm32_F103C6_Drivers/USART/Stm32_F103C6_USART.o
 .debug_frame   0x0000000000000748       0x2c c:/st/stm32cubeide_1.12.0/stm32cubeide/plugins/com.st.stm32cube.ide.mcu.externaltools.gnu-tools-for-stm32.10.3-2021.10.win32_1.0.200.202301161003/tools/bin/../lib/gcc/arm-none-eabi/10.3.1/../../../../arm-none-eabi/lib/thumb/v7-m/nofp\libc_nano.a(lib_a-init.o)
