../Stm32_F103C6_Drivers/Stm32_F103C6_EXTI.c:26:6:enable_NVIC	16	static
../Stm32_F103C6_Drivers/Stm32_F103C6_EXTI.c:61:6:disable_NVIC	16	static
../Stm32_F103C6_Drivers/Stm32_F103C6_EXTI.c:114:6:MCAL_EXTI_Deinit	4	static
../Stm32_F103C6_Drivers/Stm32_F103C6_EXTI.c:140:6:MCAL_EXTI_Init	16	static
../Stm32_F103C6_Drivers/Stm32_F103C6_EXTI.c:150:6:MCAL_EXTI_Update	24	static
../Stm32_F103C6_Drivers/Stm32_F103C6_EXTI.c:200:6:EXTI0_IRQ_HANDLER	8	static
../Stm32_F103C6_Drivers/Stm32_F103C6_EXTI.c:206:6:EXTI1_IRQ_HANDLER	8	static
../Stm32_F103C6_Drivers/Stm32_F103C6_EXTI.c:212:6:EXTI2_IRQ_HANDLER	8	static
../Stm32_F103C6_Drivers/Stm32_F103C6_EXTI.c:218:6:EXTI3_IRQ_HANDLER	8	static
../Stm32_F103C6_Drivers/Stm32_F103C6_EXTI.c:224:6:EXTI4_IRQ_HANDLER	8	static
../Stm32_F103C6_Drivers/Stm32_F103C6_EXTI.c:230:6:EXTI9_5_IRQ_HANDLER	8	static
../Stm32_F103C6_Drivers/Stm32_F103C6_EXTI.c:257:6:EXTI10_15_IRQ_HANDLER	8	static
