../Stm32_F103C6_Drivers/USART/Stm32_F103C6_USART.c:13:6:MCAL_UART_GPIO_Set_Pins	24	static
../Stm32_F103C6_Drivers/USART/Stm32_F103C6_USART.c:135:6:MCAL_USART_Init	24	static
../Stm32_F103C6_Drivers/USART/Stm32_F103C6_USART.c:181:6:MCAL_USART_DeInit	16	static
../Stm32_F103C6_Drivers/USART/Stm32_F103C6_USART.c:203:6:MCAL_USART_Transmit	24	static
../Stm32_F103C6_Drivers/USART/Stm32_F103C6_USART.c:221:6:MCAL_USART_Transmit_String	32	static
../Stm32_F103C6_Drivers/USART/Stm32_F103C6_USART.c:251:6:MCAL_USART_Receive	24	static
../Stm32_F103C6_Drivers/USART/Stm32_F103C6_USART.c:292:6:MCAL_USART_TransmitComplete	16	static
../Stm32_F103C6_Drivers/USART/Stm32_F103C6_USART.c:308:6:USART1_IRQHandler	8	static
../Stm32_F103C6_Drivers/USART/Stm32_F103C6_USART.c:315:6:USART2_IRQHandler	8	static
../Stm32_F103C6_Drivers/USART/Stm32_F103C6_USART.c:320:6:USART3_IRQHandler	8	static
